https://chromewebstore.google.com/detail/cookie-editor/oifijhaokejakekmnjmphonojcfkpbbh Open Multiple URLs
https://chromewebstore.google.com/detail/cookie-editor/aeblfdkhhhdcdjpifhhbdiojplfjncoa 1Password – Password Manager
https://chromewebstore.google.com/detail/cookie-editor/flnheeellpciglgpaodhkhmapeljopja Altair GraphQL Client
https://chromewebstore.google.com/detail/cookie-editor/hlkenndednhfkekhgcdicdfddnkalmdm Cookie-Editor
https://chromewebstore.google.com/detail/cookie-editor/ecakpoecmehpjhpgfndlkhahedcembki FindAllLinks
https://chromewebstore.google.com/detail/cookie-editor/cclelndahbckbenkjhflpdbgdldlbecc Get cookies.txt LOCALLY
https://chromewebstore.google.com/detail/cookie-editor/fdpohaocaechififmbbbbbknoalclacl GoFullPage - Full Page Screen Capture
https://chromewebstore.google.com/detail/cookie-editor/abbpaepbpakcpipajigmlpnhlnbennna Music Mode for YouTube™
https://chromewebstore.google.com/detail/cookie-editor/padekgcemlokbadohgkifijomclgjgif Proxy SwitchyOmega
https://chromewebstore.google.com/detail/cookie-editor/mpiodijhokgodhhofbcjdecpffjipkle SingleFile
https://chromewebstore.google.com/detail/cookie-editor/kekjbckkfbdknpcpcdpmlkbnleeddamg Sleep Mode
https://chromewebstore.google.com/detail/cookie-editor/dhdgffkkebhmkfjojejmpbldmpobfkfo Tampermonkey
https://chromewebstore.google.com/detail/cookie-editor/cjpalhdlnbpafiamejdnhcphjbkeiagm uBlock Origin
https://chromewebstore.google.com/detail/cookie-editor/dakbdekmmaendfjkpedbcekghhiabjli UncommentEr
https://chromewebstore.google.com/detail/cookie-editor/gppongmhjkpfnbhagpmjfkannfbllamg Wappalyzer - Technology profiler
https://chromewebstore.google.com/detail/cookie-editor/cmmlgikpahieigpcclckfmhnchdlfnjd WebCache
https://chromewebstore.google.com/detail/cookie-editor/nlkaejimjacpillmajjnopmpbkbnocid YouTube NonStop

https://github.com/bpc-clone/bypass-paywalls-chrome-clean Bypass Paywalls of news sites